// Jest Snapshot v1, https://goo.gl/fbAQLP

exports[`it should render as expected 1`] = `
<div>
  Some Device
  <br />
  <div
    className="ui-li-sub-text"
  >
    acronym1
     
    value 1
    unit 1
  </div>
</div>
`;
